// Jest Snapshot v1, https://goo.gl/fbAQLP

exports[`creates snapshot 1`] = `
<RCTSafeAreaView
  emulateUnlessSupported={true}
  style={
    Object {
      "backgroundColor": "#000000",
    }
  }
>
  <View
    style={
      Object {
        "alignItems": "center",
        "flexDirection": "row",
        "justifyContent": "space-between",
        "marginTop": 20,
        "width": "90%",
      }
    }
  >
    <Image
      source={
        Object {
          "testUri": "../../../src/images/Back.png",
        }
      }
      style={
        Object {
          "height": 30,
          "marginLeft": 15,
          "width": 30,
        }
      }
    />
    <Text
      style={
        Object {
          "color": "#ffffff",
          "fontSize": 25,
        }
      }
    >
      Romantic Comedy
    </Text>
    <View
      accessible={true}
      collapsable={false}
      focusable={true}
      onClick={[Function]}
      onResponderGrant={[Function]}
      onResponderMove={[Function]}
      onResponderRelease={[Function]}
      onResponderTerminate={[Function]}
      onResponderTerminationRequest={[Function]}
      onStartShouldSetResponder={[Function]}
      style={
        Object {
          "opacity": 1,
        }
      }
    >
      <Image
        source={
          Object {
            "testUri": "../../../src/images/search.png",
          }
        }
        style={
          Object {
            "height": 30,
            "width": 30,
          }
        }
      />
    </View>
  </View>
  <View
    style={
      Object {
        "height": 1000,
        "margin": 30,
      }
    }
  >
    <RCTScrollView
      data={
        Array [
          Object {
            "name": "The Birds",
            "posterimage": Object {
              "testUri": "../../../src/images/poster1.jpg",
            },
          },
          Object {
            "name": "Rear Window",
            "posterimage": Object {
              "testUri": "../../../src/images/poster2.jpg",
            },
          },
          Object {
            "name": "Family Pot",
            "posterimage": Object {
              "testUri": "../../../src/images/poster3.jpg",
            },
          },
          Object {
            "name": "Family Pot",
            "posterimage": Object {
              "testUri": "../../../src/images/poster4.jpg",
            },
          },
          Object {
            "name": "Rear Window",
            "posterimage": Object {
              "testUri": "../../../src/images/poster5.jpg",
            },
          },
          Object {
            "name": "The Birds",
            "posterimage": Object {
              "testUri": "../../../src/images/poster6.jpg",
            },
          },
          Object {
            "name": "Rear Window",
            "posterimage": Object {
              "testUri": "../../../src/images/poster7.jpg",
            },
          },
          Object {
            "name": "The Birds",
            "posterimage": Object {
              "testUri": "../../../src/images/poster8.jpg",
            },
          },
          Object {
            "name": "Family Pot",
            "posterimage": Object {
              "testUri": "../../../src/images/poster9.jpg",
            },
          },
          Object {
            "name": "The Birds",
            "posterimage": Object {
              "testUri": "../../../src/images/poster1.jpg",
            },
          },
          Object {
            "name": "The Birds",
            "posterimage": Object {
              "testUri": "../../../src/images/poster2.jpg",
            },
          },
          Object {
            "name": "Rear Window",
            "posterimage": Object {
              "testUri": "../../../src/images/poster3.jpg",
            },
          },
          Object {
            "name": "Family Pot",
            "posterimage": Object {
              "testUri": "../../../src/images/poster4.jpg",
            },
          },
          Object {
            "name": "Family Pot",
            "posterimage": Object {
              "testUri": "../../../src/images/poster5.jpg",
            },
          },
          Object {
            "name": "Rear Window",
            "posterimage": Object {
              "testUri": "../../../src/images/poster6.jpg",
            },
          },
          Object {
            "name": "The Birds",
            "posterimage": Object {
              "testUri": "../../../src/images/poster7.jpg",
            },
          },
          Object {
            "name": "Rear Window",
            "posterimage": Object {
              "testUri": "../../../src/images/poster8.jpg",
            },
          },
          Object {
            "name": "The Birds",
            "posterimage": Object {
              "testUri": "../../../src/images/poster9.jpg",
            },
          },
        ]
      }
      extraData={
        Array [
          Object {
            "name": "The Birds",
            "posterimage": Object {
              "testUri": "../../../src/images/poster1.jpg",
            },
          },
          Object {
            "name": "Rear Window",
            "posterimage": Object {
              "testUri": "../../../src/images/poster2.jpg",
            },
          },
          Object {
            "name": "Family Pot",
            "posterimage": Object {
              "testUri": "../../../src/images/poster3.jpg",
            },
          },
          Object {
            "name": "Family Pot",
            "posterimage": Object {
              "testUri": "../../../src/images/poster4.jpg",
            },
          },
          Object {
            "name": "Rear Window",
            "posterimage": Object {
              "testUri": "../../../src/images/poster5.jpg",
            },
          },
          Object {
            "name": "The Birds",
            "posterimage": Object {
              "testUri": "../../../src/images/poster6.jpg",
            },
          },
          Object {
            "name": "Rear Window",
            "posterimage": Object {
              "testUri": "../../../src/images/poster7.jpg",
            },
          },
          Object {
            "name": "The Birds",
            "posterimage": Object {
              "testUri": "../../../src/images/poster8.jpg",
            },
          },
          Object {
            "name": "Family Pot",
            "posterimage": Object {
              "testUri": "../../../src/images/poster9.jpg",
            },
          },
          Object {
            "name": "The Birds",
            "posterimage": Object {
              "testUri": "../../../src/images/poster1.jpg",
            },
          },
          Object {
            "name": "The Birds",
            "posterimage": Object {
              "testUri": "../../../src/images/poster2.jpg",
            },
          },
          Object {
            "name": "Rear Window",
            "posterimage": Object {
              "testUri": "../../../src/images/poster3.jpg",
            },
          },
          Object {
            "name": "Family Pot",
            "posterimage": Object {
              "testUri": "../../../src/images/poster4.jpg",
            },
          },
          Object {
            "name": "Family Pot",
            "posterimage": Object {
              "testUri": "../../../src/images/poster5.jpg",
            },
          },
          Object {
            "name": "Rear Window",
            "posterimage": Object {
              "testUri": "../../../src/images/poster6.jpg",
            },
          },
          Object {
            "name": "The Birds",
            "posterimage": Object {
              "testUri": "../../../src/images/poster7.jpg",
            },
          },
          Object {
            "name": "Rear Window",
            "posterimage": Object {
              "testUri": "../../../src/images/poster8.jpg",
            },
          },
          Object {
            "name": "The Birds",
            "posterimage": Object {
              "testUri": "../../../src/images/poster9.jpg",
            },
          },
        ]
      }
      getItem={[Function]}
      getItemCount={[Function]}
      keyExtractor={[Function]}
      onContentSizeChange={[Function]}
      onLayout={[Function]}
      onMomentumScrollBegin={[Function]}
      onMomentumScrollEnd={[Function]}
      onScroll={[Function]}
      onScrollBeginDrag={[Function]}
      onScrollEndDrag={[Function]}
      removeClippedSubviews={false}
      renderItem={[Function]}
      scrollEventThrottle={50}
      stickyHeaderIndices={Array []}
      viewabilityConfigCallbackPairs={Array []}
    >
      <View>
        <View
          onLayout={[Function]}
          style={null}
        >
          <View
            style={
              Object {
                "flexDirection": "row",
              }
            }
          >
            <View
              style={
                Object {
                  "flex": 1,
                  "justifyContent": "space-between",
                  "marginBottom": 60,
                  "marginTop": 10,
                }
              }
            >
              <Image
                source={
                  Object {
                    "testUri": "../../../src/images/poster1.jpg",
                  }
                }
                style={
                  Object {
                    "height": 150,
                    "width": 100,
                  }
                }
              />
              <Text
                style={
                  Object {
                    "color": "#ffffff",
                    "marginTop": 10,
                    "width": 100,
                  }
                }
              >
                The Birds
              </Text>
            </View>
            <View
              style={
                Object {
                  "flex": 1,
                  "justifyContent": "space-between",
                  "marginBottom": 60,
                  "marginTop": 10,
                }
              }
            >
              <Image
                source={
                  Object {
                    "testUri": "../../../src/images/poster2.jpg",
                  }
                }
                style={
                  Object {
                    "height": 150,
                    "width": 100,
                  }
                }
              />
              <Text
                style={
                  Object {
                    "color": "#ffffff",
                    "marginTop": 10,
                    "width": 100,
                  }
                }
              >
                Rear Window
              </Text>
            </View>
            <View
              style={
                Object {
                  "flex": 1,
                  "justifyContent": "space-between",
                  "marginBottom": 60,
                  "marginTop": 10,
                }
              }
            >
              <Image
                source={
                  Object {
                    "testUri": "../../../src/images/poster3.jpg",
                  }
                }
                style={
                  Object {
                    "height": 150,
                    "width": 100,
                  }
                }
              />
              <Text
                style={
                  Object {
                    "color": "#ffffff",
                    "marginTop": 10,
                    "width": 100,
                  }
                }
              >
                Family Pot
              </Text>
            </View>
          </View>
        </View>
        <View
          onLayout={[Function]}
          style={null}
        >
          <View
            style={
              Object {
                "flexDirection": "row",
              }
            }
          >
            <View
              style={
                Object {
                  "flex": 1,
                  "justifyContent": "space-between",
                  "marginBottom": 60,
                  "marginTop": 10,
                }
              }
            >
              <Image
                source={
                  Object {
                    "testUri": "../../../src/images/poster4.jpg",
                  }
                }
                style={
                  Object {
                    "height": 150,
                    "width": 100,
                  }
                }
              />
              <Text
                style={
                  Object {
                    "color": "#ffffff",
                    "marginTop": 10,
                    "width": 100,
                  }
                }
              >
                Family Pot
              </Text>
            </View>
            <View
              style={
                Object {
                  "flex": 1,
                  "justifyContent": "space-between",
                  "marginBottom": 60,
                  "marginTop": 10,
                }
              }
            >
              <Image
                source={
                  Object {
                    "testUri": "../../../src/images/poster5.jpg",
                  }
                }
                style={
                  Object {
                    "height": 150,
                    "width": 100,
                  }
                }
              />
              <Text
                style={
                  Object {
                    "color": "#ffffff",
                    "marginTop": 10,
                    "width": 100,
                  }
                }
              >
                Rear Window
              </Text>
            </View>
            <View
              style={
                Object {
                  "flex": 1,
                  "justifyContent": "space-between",
                  "marginBottom": 60,
                  "marginTop": 10,
                }
              }
            >
              <Image
                source={
                  Object {
                    "testUri": "../../../src/images/poster6.jpg",
                  }
                }
                style={
                  Object {
                    "height": 150,
                    "width": 100,
                  }
                }
              />
              <Text
                style={
                  Object {
                    "color": "#ffffff",
                    "marginTop": 10,
                    "width": 100,
                  }
                }
              >
                The Birds
              </Text>
            </View>
          </View>
        </View>
        <View
          onLayout={[Function]}
          style={null}
        >
          <View
            style={
              Object {
                "flexDirection": "row",
              }
            }
          >
            <View
              style={
                Object {
                  "flex": 1,
                  "justifyContent": "space-between",
                  "marginBottom": 60,
                  "marginTop": 10,
                }
              }
            >
              <Image
                source={
                  Object {
                    "testUri": "../../../src/images/poster7.jpg",
                  }
                }
                style={
                  Object {
                    "height": 150,
                    "width": 100,
                  }
                }
              />
              <Text
                style={
                  Object {
                    "color": "#ffffff",
                    "marginTop": 10,
                    "width": 100,
                  }
                }
              >
                Rear Window
              </Text>
            </View>
            <View
              style={
                Object {
                  "flex": 1,
                  "justifyContent": "space-between",
                  "marginBottom": 60,
                  "marginTop": 10,
                }
              }
            >
              <Image
                source={
                  Object {
                    "testUri": "../../../src/images/poster8.jpg",
                  }
                }
                style={
                  Object {
                    "height": 150,
                    "width": 100,
                  }
                }
              />
              <Text
                style={
                  Object {
                    "color": "#ffffff",
                    "marginTop": 10,
                    "width": 100,
                  }
                }
              >
                The Birds
              </Text>
            </View>
            <View
              style={
                Object {
                  "flex": 1,
                  "justifyContent": "space-between",
                  "marginBottom": 60,
                  "marginTop": 10,
                }
              }
            >
              <Image
                source={
                  Object {
                    "testUri": "../../../src/images/poster9.jpg",
                  }
                }
                style={
                  Object {
                    "height": 150,
                    "width": 100,
                  }
                }
              />
              <Text
                style={
                  Object {
                    "color": "#ffffff",
                    "marginTop": 10,
                    "width": 100,
                  }
                }
              >
                Family Pot
              </Text>
            </View>
          </View>
        </View>
        <View
          onLayout={[Function]}
          style={null}
        >
          <View
            style={
              Object {
                "flexDirection": "row",
              }
            }
          >
            <View
              style={
                Object {
                  "flex": 1,
                  "justifyContent": "space-between",
                  "marginBottom": 60,
                  "marginTop": 10,
                }
              }
            >
              <Image
                source={
                  Object {
                    "testUri": "../../../src/images/poster1.jpg",
                  }
                }
                style={
                  Object {
                    "height": 150,
                    "width": 100,
                  }
                }
              />
              <Text
                style={
                  Object {
                    "color": "#ffffff",
                    "marginTop": 10,
                    "width": 100,
                  }
                }
              >
                The Birds
              </Text>
            </View>
            <View
              style={
                Object {
                  "flex": 1,
                  "justifyContent": "space-between",
                  "marginBottom": 60,
                  "marginTop": 10,
                }
              }
            >
              <Image
                source={
                  Object {
                    "testUri": "../../../src/images/poster2.jpg",
                  }
                }
                style={
                  Object {
                    "height": 150,
                    "width": 100,
                  }
                }
              />
              <Text
                style={
                  Object {
                    "color": "#ffffff",
                    "marginTop": 10,
                    "width": 100,
                  }
                }
              >
                The Birds
              </Text>
            </View>
            <View
              style={
                Object {
                  "flex": 1,
                  "justifyContent": "space-between",
                  "marginBottom": 60,
                  "marginTop": 10,
                }
              }
            >
              <Image
                source={
                  Object {
                    "testUri": "../../../src/images/poster3.jpg",
                  }
                }
                style={
                  Object {
                    "height": 150,
                    "width": 100,
                  }
                }
              />
              <Text
                style={
                  Object {
                    "color": "#ffffff",
                    "marginTop": 10,
                    "width": 100,
                  }
                }
              >
                Rear Window
              </Text>
            </View>
          </View>
        </View>
        <View
          onLayout={[Function]}
          style={null}
        >
          <View
            style={
              Object {
                "flexDirection": "row",
              }
            }
          >
            <View
              style={
                Object {
                  "flex": 1,
                  "justifyContent": "space-between",
                  "marginBottom": 60,
                  "marginTop": 10,
                }
              }
            >
              <Image
                source={
                  Object {
                    "testUri": "../../../src/images/poster4.jpg",
                  }
                }
                style={
                  Object {
                    "height": 150,
                    "width": 100,
                  }
                }
              />
              <Text
                style={
                  Object {
                    "color": "#ffffff",
                    "marginTop": 10,
                    "width": 100,
                  }
                }
              >
                Family Pot
              </Text>
            </View>
            <View
              style={
                Object {
                  "flex": 1,
                  "justifyContent": "space-between",
                  "marginBottom": 60,
                  "marginTop": 10,
                }
              }
            >
              <Image
                source={
                  Object {
                    "testUri": "../../../src/images/poster5.jpg",
                  }
                }
                style={
                  Object {
                    "height": 150,
                    "width": 100,
                  }
                }
              />
              <Text
                style={
                  Object {
                    "color": "#ffffff",
                    "marginTop": 10,
                    "width": 100,
                  }
                }
              >
                Family Pot
              </Text>
            </View>
            <View
              style={
                Object {
                  "flex": 1,
                  "justifyContent": "space-between",
                  "marginBottom": 60,
                  "marginTop": 10,
                }
              }
            >
              <Image
                source={
                  Object {
                    "testUri": "../../../src/images/poster6.jpg",
                  }
                }
                style={
                  Object {
                    "height": 150,
                    "width": 100,
                  }
                }
              />
              <Text
                style={
                  Object {
                    "color": "#ffffff",
                    "marginTop": 10,
                    "width": 100,
                  }
                }
              >
                Rear Window
              </Text>
            </View>
          </View>
        </View>
        <View
          onLayout={[Function]}
          style={null}
        >
          <View
            style={
              Object {
                "flexDirection": "row",
              }
            }
          >
            <View
              style={
                Object {
                  "flex": 1,
                  "justifyContent": "space-between",
                  "marginBottom": 60,
                  "marginTop": 10,
                }
              }
            >
              <Image
                source={
                  Object {
                    "testUri": "../../../src/images/poster7.jpg",
                  }
                }
                style={
                  Object {
                    "height": 150,
                    "width": 100,
                  }
                }
              />
              <Text
                style={
                  Object {
                    "color": "#ffffff",
                    "marginTop": 10,
                    "width": 100,
                  }
                }
              >
                The Birds
              </Text>
            </View>
            <View
              style={
                Object {
                  "flex": 1,
                  "justifyContent": "space-between",
                  "marginBottom": 60,
                  "marginTop": 10,
                }
              }
            >
              <Image
                source={
                  Object {
                    "testUri": "../../../src/images/poster8.jpg",
                  }
                }
                style={
                  Object {
                    "height": 150,
                    "width": 100,
                  }
                }
              />
              <Text
                style={
                  Object {
                    "color": "#ffffff",
                    "marginTop": 10,
                    "width": 100,
                  }
                }
              >
                Rear Window
              </Text>
            </View>
            <View
              style={
                Object {
                  "flex": 1,
                  "justifyContent": "space-between",
                  "marginBottom": 60,
                  "marginTop": 10,
                }
              }
            >
              <Image
                source={
                  Object {
                    "testUri": "../../../src/images/poster9.jpg",
                  }
                }
                style={
                  Object {
                    "height": 150,
                    "width": 100,
                  }
                }
              />
              <Text
                style={
                  Object {
                    "color": "#ffffff",
                    "marginTop": 10,
                    "width": 100,
                  }
                }
              >
                The Birds
              </Text>
            </View>
          </View>
        </View>
      </View>
    </RCTScrollView>
  </View>
</RCTSafeAreaView>
`;
